Nothing to build in platform 'design_1_wrapper'

19:14:45 **** Incremental Build of configuration Debug for project gpio_led_blink ****
make all 
'Building file: ../src/helloworld.c'
'Invoking: MicroBlaze gcc compiler'
mb-gcc -Wall -O0 -g3 -c -fmessage-length=0 -MT"src/helloworld.o" -IE:/VIVADO_2022/Microblaze_Projects/PROJECTS/GPIO/design_1_wrapper/export/design_1_wrapper/sw/design_1_wrapper/standalone_microblaze_0/bspinclude/include -mlittle-endian -mcpu=v11.0 -mxl-soft-mul -Wl,--no-relax -ffunction-sections -fdata-sections -MMD -MP -MF"src/helloworld.d" -MT"src/helloworld.o" -o "src/helloworld.o" "../src/helloworld.c"
../src/helloworld.c: In function 'main':
../src/helloworld.c:87:18: warning: implicit declaration of function 'sleep' [-Wimplicit-function-declaration]
   87 |                  sleep(2);
      |                  ^~~~~
'Finished building: ../src/helloworld.c'
' '
'Building file: ../src/platform.c'
'Invoking: MicroBlaze gcc compiler'
mb-gcc -Wall -O0 -g3 -c -fmessage-length=0 -MT"src/platform.o" -IE:/VIVADO_2022/Microblaze_Projects/PROJECTS/GPIO/design_1_wrapper/export/design_1_wrapper/sw/design_1_wrapper/standalone_microblaze_0/bspinclude/include -mlittle-endian -mcpu=v11.0 -mxl-soft-mul -Wl,--no-relax -ffunction-sections -fdata-sections -MMD -MP -MF"src/platform.d" -MT"src/platform.o" -o "src/platform.o" "../src/platform.c"
'Finished building: ../src/platform.c'
' '
'Building target: gpio_led_blink.elf'
'Invoking: MicroBlaze gcc linker'
mb-gcc -Wl,-T -Wl,../src/lscript.ld -LE:/VIVADO_2022/Microblaze_Projects/PROJECTS/GPIO/design_1_wrapper/export/design_1_wrapper/sw/design_1_wrapper/standalone_microblaze_0/bsplib/lib -mlittle-endian -mcpu=v11.0 -mxl-soft-mul -Wl,--no-relax -Wl,--gc-sections -o "gpio_led_blink.elf"  ./src/helloworld.o ./src/platform.o   -Wl,--start-group,-lxil,-lgcc,-lc,--end-group
'Finished building target: gpio_led_blink.elf'
' '
'Invoking: MicroBlaze Print Size'
mb-size gpio_led_blink.elf  |tee "gpio_led_blink.elf.size"
   text	   data	    bss	    dec	    hex	filename
   6816	    340	   3140	  10296	   2838	gpio_led_blink.elf
'Finished building: gpio_led_blink.elf.size'
' '
19:14:51 **** Incremental Build of configuration Debug for project gpio_led_blink_system ****
make all 
Skipping SD card image generation. Reason: "The system project only has applications for microblaze processors."
